// Jest Snapshot v1, https://goo.gl/fbAQLP

exports[`<TechnologyDetails /> should render the heading 1`] = `
<main
  class=""
>
  <h1>
    TechnologyDetails
  </h1>
</main>
`
