// Jest Snapshot v1, https://goo.gl/fbAQLP

exports[`<TechnologyIcon /> should render the heading 1`] = `
<main
  class=""
>
  <h1>
    TechnologyIcon
  </h1>
</main>
`
